nohup: ignoring input
2026-07-20 14:32:12,651 INFO qthermal.loader: Coordinate unit detected: Angstrom (record idx=0)
ensemble cap bound at kT_max=0.1: kept 1225 states, tail weight 4.836e-05 exceeds cutoff 1.0e-06
ensemble cap bound at kT_max=0.1: kept 1225 states, tail weight 3.372e-05 exceeds cutoff 1.0e-06
ensemble cap bound at kT_max=0.1: kept 1225 states, tail weight 5.081e-05 exceeds cutoff 1.0e-06
ensemble cap bound at kT_max=0.1: kept 1225 states, tail weight 1.467e-05 exceeds cutoff 1.0e-06
2026-07-20 14:35:54,106 INFO qthermal.run: mol 50 done in 211.7 s
2026-07-20 14:36:10,755 INFO qthermal.run: mol 52 done in 213.8 s
2026-07-20 14:36:28,476 INFO qthermal.run: mol 51 done in 217.3 s
2026-07-20 14:36:41,409 INFO qthermal.run: mol 53 done in 217.1 s
ensemble cap bound at kT_max=0.1: kept 1225 states, tail weight 2.705e-04 exceeds cutoff 1.0e-06
ensemble cap bound at kT_max=0.1: kept 1225 states, tail weight 2.398e-06 exceeds cutoff 1.0e-06
ensemble cap bound at kT_max=0.1: kept 1225 states, tail weight 5.203e-05 exceeds cutoff 1.0e-06
ensemble cap bound at kT_max=0.1: kept 1225 states, tail weight 2.947e-04 exceeds cutoff 1.0e-06
2026-07-20 14:39:09,293 INFO qthermal.run: mol 54 done in 190.0 s
2026-07-20 14:39:23,876 INFO qthermal.run: mol 56 done in 200.3 s
2026-07-20 14:39:34,319 INFO qthermal.run: mol 55 done in 211.4 s
2026-07-20 14:39:50,966 INFO qthermal.run: mol 57 done in 222.9 s
ensemble cap bound at kT_max=0.1: kept 1225 states, tail weight 4.809e-05 exceeds cutoff 1.0e-06
ensemble cap bound at kT_max=0.1: kept 1225 states, tail weight 2.209e-04 exceeds cutoff 1.0e-06
ensemble cap bound at kT_max=0.1: kept 1225 states, tail weight 1.185e-04 exceeds cutoff 1.0e-06
ensemble cap bound at kT_max=0.1: kept 1225 states, tail weight 3.137e-05 exceeds cutoff 1.0e-06
2026-07-20 14:42:22,757 INFO qthermal.run: mol 58 done in 194.7 s
2026-07-20 14:42:48,424 INFO qthermal.run: mol 59 done in 204.2 s
2026-07-20 14:43:01,199 INFO qthermal.run: mol 61 done in 184.4 s
2026-07-20 14:43:21,991 INFO qthermal.run: mol 60 done in 230.7 s
ensemble cap bound at kT_max=0.1: kept 1225 states, tail weight 5.688e-05 exceeds cutoff 1.0e-06
ensemble cap bound at kT_max=0.1: kept 1225 states, tail weight 9.404e-05 exceeds cutoff 1.0e-06
ensemble cap bound at kT_max=0.1: kept 1225 states, tail weight 3.717e-05 exceeds cutoff 1.0e-06
ensemble cap bound at kT_max=0.1: kept 1225 states, tail weight 2.551e-05 exceeds cutoff 1.0e-06
2026-07-20 14:45:28,594 INFO qthermal.run: mol 62 done in 185.4 s
2026-07-20 14:46:06,084 INFO qthermal.run: mol 63 done in 197.3 s
2026-07-20 14:46:19,170 INFO qthermal.run: mol 64 done in 195.2 s
2026-07-20 14:46:41,123 INFO qthermal.run: mol 65 done in 197.4 s
ensemble cap bound at kT_max=0.1: kept 1225 states, tail weight 1.371e-05 exceeds cutoff 1.0e-06
ensemble cap bound at kT_max=0.1: kept 1225 states, tail weight 4.487e-06 exceeds cutoff 1.0e-06
ensemble cap bound at kT_max=0.1: kept 1225 states, tail weight 6.795e-06 exceeds cutoff 1.0e-06
ensemble cap bound at kT_max=0.1: kept 1225 states, tail weight 1.580e-05 exceeds cutoff 1.0e-06
2026-07-20 14:48:39,553 INFO qthermal.run: mol 66 done in 188.1 s
2026-07-20 14:49:10,994 INFO qthermal.run: mol 67 done in 184.8 s
2026-07-20 14:49:22,498 INFO qthermal.run: mol 68 done in 185.1 s
2026-07-20 14:49:58,311 INFO qthermal.run: mol 69 done in 196.0 s
ensemble cap bound at kT_max=0.1: kept 1225 states, tail weight 2.413e-05 exceeds cutoff 1.0e-06
ensemble cap bound at kT_max=0.1: kept 1225 states, tail weight 4.593e-06 exceeds cutoff 1.0e-06
ensemble cap bound at kT_max=0.1: kept 1225 states, tail weight 1.931e-05 exceeds cutoff 1.0e-06
ensemble cap bound at kT_max=0.1: kept 1225 states, tail weight 8.487e-06 exceeds cutoff 1.0e-06
2026-07-20 14:51:52,623 INFO qthermal.run: mol 70 done in 192.7 s
2026-07-20 14:52:19,727 INFO qthermal.run: mol 71 done in 186.1 s
2026-07-20 14:52:32,602 INFO qthermal.run: mol 72 done in 187.7 s
2026-07-20 14:53:08,255 INFO qthermal.run: mol 73 done in 189.2 s
ensemble cap bound at kT_max=0.1: kept 1225 states, tail weight 3.708e-06 exceeds cutoff 1.0e-06
ensemble cap bound at kT_max=0.1: kept 1225 states, tail weight 7.710e-06 exceeds cutoff 1.0e-06
ensemble cap bound at kT_max=0.1: kept 1225 states, tail weight 1.639e-05 exceeds cutoff 1.0e-06
ensemble cap bound at kT_max=0.1: kept 1225 states, tail weight 6.260e-06 exceeds cutoff 1.0e-06
2026-07-20 14:55:02,974 INFO qthermal.run: mol 74 done in 190.2 s
2026-07-20 14:55:27,138 INFO qthermal.run: mol 76 done in 182.7 s
2026-07-20 14:55:36,832 INFO qthermal.run: mol 75 done in 187.7 s
2026-07-20 14:56:07,990 INFO qthermal.run: mol 77 done in 179.3 s
ensemble cap bound at kT_max=0.1: kept 1225 states, tail weight 1.937e-06 exceeds cutoff 1.0e-06
ensemble cap bound at kT_max=0.1: kept 1225 states, tail weight 5.640e-06 exceeds cutoff 1.0e-06
ensemble cap bound at kT_max=0.1: kept 1225 states, tail weight 2.003e-05 exceeds cutoff 1.0e-06
ensemble cap bound at kT_max=0.1: kept 1225 states, tail weight 3.363e-06 exceeds cutoff 1.0e-06
2026-07-20 14:58:03,823 INFO qthermal.run: mol 78 done in 181.1 s
2026-07-20 14:58:33,433 INFO qthermal.run: mol 80 done in 183.3 s
2026-07-20 14:58:45,552 INFO qthermal.run: mol 79 done in 189.2 s
2026-07-20 14:59:15,169 INFO qthermal.run: mol 81 done in 184.7 s
ensemble cap bound at kT_max=0.1: kept 1225 states, tail weight 2.346e-05 exceeds cutoff 1.0e-06
ensemble cap bound at kT_max=0.1: kept 1225 states, tail weight 3.165e-06 exceeds cutoff 1.0e-06
ensemble cap bound at kT_max=0.1: kept 1225 states, tail weight 8.869e-06 exceeds cutoff 1.0e-06
ensemble cap bound at kT_max=0.1: kept 1225 states, tail weight 6.574e-06 exceeds cutoff 1.0e-06
2026-07-20 15:01:08,622 INFO qthermal.run: mol 82 done in 184.2 s
2026-07-20 15:01:39,050 INFO qthermal.run: mol 83 done in 184.6 s
2026-07-20 15:01:48,834 INFO qthermal.run: mol 84 done in 187.4 s
2026-07-20 15:02:21,472 INFO qthermal.run: mol 85 done in 185.3 s
ensemble cap bound at kT_max=0.1: kept 1225 states, tail weight 4.519e-05 exceeds cutoff 1.0e-06
ensemble cap bound at kT_max=0.1: kept 1225 states, tail weight 1.811e-05 exceeds cutoff 1.0e-06
ensemble cap bound at kT_max=0.1: kept 1225 states, tail weight 7.565e-06 exceeds cutoff 1.0e-06
ensemble cap bound at kT_max=0.1: kept 1225 states, tail weight 4.633e-05 exceeds cutoff 1.0e-06
2026-07-20 15:04:26,851 INFO qthermal.run: mol 86 done in 194.8 s
2026-07-20 15:04:44,736 INFO qthermal.run: mol 87 done in 185.7 s
2026-07-20 15:04:54,184 INFO qthermal.run: mol 88 done in 186.7 s
2026-07-20 15:05:32,193 INFO qthermal.run: mol 89 done in 189.6 s
ensemble cap bound at kT_max=0.1: kept 1225 states, tail weight 1.378e-05 exceeds cutoff 1.0e-06
ensemble cap bound at kT_max=0.1: kept 1225 states, tail weight 4.152e-05 exceeds cutoff 1.0e-06
ensemble cap bound at kT_max=0.1: kept 1225 states, tail weight 1.036e-05 exceeds cutoff 1.0e-06
ensemble cap bound at kT_max=0.1: kept 1225 states, tail weight 1.349e-05 exceeds cutoff 1.0e-06
2026-07-20 15:07:34,217 INFO qthermal.run: mol 90 done in 186.6 s
2026-07-20 15:07:53,376 INFO qthermal.run: mol 91 done in 184.7 s
2026-07-20 15:08:03,427 INFO qthermal.run: mol 92 done in 186.2 s
2026-07-20 15:08:34,613 INFO qthermal.run: mol 93 done in 182.6 s
ensemble cap bound at kT_max=0.1: kept 1225 states, tail weight 2.971e-05 exceeds cutoff 1.0e-06
ensemble cap bound at kT_max=0.1: kept 1225 states, tail weight 7.565e-06 exceeds cutoff 1.0e-06
ensemble cap bound at kT_max=0.1: kept 1225 states, tail weight 1.380e-05 exceeds cutoff 1.0e-06
ensemble cap bound at kT_max=0.1: kept 1225 states, tail weight 1.339e-05 exceeds cutoff 1.0e-06
2026-07-20 15:10:44,909 INFO qthermal.run: mol 94 done in 189.8 s
2026-07-20 15:10:57,629 INFO qthermal.run: mol 95 done in 185.4 s
2026-07-20 15:11:08,590 INFO qthermal.run: mol 96 done in 187.5 s
2026-07-20 15:11:37,759 INFO qthermal.run: mol 97 done in 184.1 s
ensemble cap bound at kT_max=0.1: kept 1225 states, tail weight 9.127e-06 exceeds cutoff 1.0e-06
ensemble cap bound at kT_max=0.1: kept 1225 states, tail weight 4.555e-06 exceeds cutoff 1.0e-06
ensemble cap bound at kT_max=0.1: kept 1225 states, tail weight 7.516e-06 exceeds cutoff 1.0e-06
ensemble cap bound at kT_max=0.1: kept 1225 states, tail weight 2.066e-05 exceeds cutoff 1.0e-06
2026-07-20 15:13:50,937 INFO qthermal.run: mol 98 done in 186.9 s
2026-07-20 15:14:04,457 INFO qthermal.run: mol 99 done in 185.7 s
2026-07-20 15:14:13,340 INFO qthermal.run: mol 100 done in 180.5 s
2026-07-20 15:14:36,894 INFO qthermal.run: mol 101 done in 177.2 s
ensemble cap bound at kT_max=0.1: kept 1225 states, tail weight 9.425e-06 exceeds cutoff 1.0e-06
ensemble cap bound at kT_max=0.1: kept 1225 states, tail weight 1.235e-03 exceeds cutoff 1.0e-06
Gaussian-reference cap bound at kT_max=0.1: kept 1225 states, tail weight 2.439e-05 exceeds cutoff 1.0e-06
ensemble cap bound at kT_max=0.1: kept 1225 states, tail weight 5.902e-04 exceeds cutoff 1.0e-06
Gaussian-reference cap bound at kT_max=0.1: kept 1225 states, tail weight 9.907e-06 exceeds cutoff 1.0e-06
ensemble cap bound at kT_max=0.1: kept 1225 states, tail weight 2.318e-04 exceeds cutoff 1.0e-06
Gaussian-reference cap bound at kT_max=0.1: kept 1225 states, tail weight 8.638e-06 exceeds cutoff 1.0e-06
2026-07-20 15:16:38,794 INFO qthermal.run: mol 102 done in 167.0 s
2026-07-20 15:18:16,422 INFO qthermal.run: mol 103 done in 251.2 s
ensemble cap bound at kT_max=0.1: kept 1225 states, tail weight 3.633e-04 exceeds cutoff 1.0e-06
2026-07-20 15:18:26,606 INFO qthermal.run: mol 104 done in 245.4 s
2026-07-20 15:18:36,753 INFO qthermal.run: mol 105 done in 240.6 s
ensemble cap bound at kT_max=0.1: kept 1225 states, tail weight 1.145e-04 exceeds cutoff 1.0e-06
ensemble cap bound at kT_max=0.1: kept 1225 states, tail weight 1.177e-04 exceeds cutoff 1.0e-06
ensemble cap bound at kT_max=0.1: kept 1225 states, tail weight 6.431e-05 exceeds cutoff 1.0e-06
2026-07-20 15:20:25,697 INFO qthermal.run: mol 106 done in 224.4 s
2026-07-20 15:21:13,784 INFO qthermal.run: mol 107 done in 177.0 s
2026-07-20 15:21:23,304 INFO qthermal.run: mol 108 done in 185.1 s
2026-07-20 15:21:56,336 INFO qthermal.run: mol 109 done in 196.5 s
ensemble cap bound at kT_max=0.1: kept 1225 states, tail weight 2.978e-05 exceeds cutoff 1.0e-06
ensemble cap bound at kT_max=0.1: kept 1225 states, tail weight 2.334e-04 exceeds cutoff 1.0e-06
ensemble cap bound at kT_max=0.1: kept 1225 states, tail weight 3.266e-05 exceeds cutoff 1.0e-06
2026-07-20 15:23:27,914 INFO qthermal.run: mol 110 done in 182.2 s
ensemble cap bound at kT_max=0.1: kept 1225 states, tail weight 8.470e-05 exceeds cutoff 1.0e-06
2026-07-20 15:24:20,775 INFO qthermal.run: mol 112 done in 177.8 s
2026-07-20 15:24:28,605 INFO qthermal.run: mol 111 done in 189.5 s
2026-07-20 15:25:04,942 INFO qthermal.run: mol 113 done in 188.0 s
ensemble cap bound at kT_max=0.1: kept 1225 states, tail weight 3.001e-05 exceeds cutoff 1.0e-06
ensemble cap bound at kT_max=0.1: kept 1225 states, tail weight 4.166e-05 exceeds cutoff 1.0e-06
ensemble cap bound at kT_max=0.1: kept 1225 states, tail weight 1.389e-05 exceeds cutoff 1.0e-06
2026-07-20 15:26:31,084 INFO qthermal.run: mol 114 done in 182.1 s
ensemble cap bound at kT_max=0.1: kept 1225 states, tail weight 1.197e-04 exceeds cutoff 1.0e-06
2026-07-20 15:27:25,085 INFO qthermal.run: mol 116 done in 182.2 s
2026-07-20 15:27:34,465 INFO qthermal.run: mol 115 done in 185.4 s
ensemble cap bound at kT_max=0.1: kept 1225 states, tail weight 3.115e-05 exceeds cutoff 1.0e-06
2026-07-20 15:28:54,290 INFO qthermal.run: mol 117 done in 228.2 s
ensemble cap bound at kT_max=0.1: kept 1225 states, tail weight 6.122e-05 exceeds cutoff 1.0e-06
ensemble cap bound at kT_max=0.1: kept 1225 states, tail weight 4.451e-05 exceeds cutoff 1.0e-06
2026-07-20 15:29:31,561 INFO qthermal.run: mol 118 done in 180.7 s
2026-07-20 15:30:29,345 INFO qthermal.run: mol 119 done in 180.7 s
2026-07-20 15:30:37,259 INFO qthermal.run: mol 120 done in 188.3 s
ensemble cap bound at kT_max=0.1: kept 1225 states, tail weight 2.407e-05 exceeds cutoff 1.0e-06
ensemble cap bound at kT_max=0.1: kept 1225 states, tail weight 1.045e-04 exceeds cutoff 1.0e-06
2026-07-20 15:32:05,232 INFO qthermal.run: mol 121 done in 190.3 s
ensemble cap bound at kT_max=0.1: kept 1225 states, tail weight 5.406e-05 exceeds cutoff 1.0e-06
ensemble cap bound at kT_max=0.1: kept 1225 states, tail weight 3.179e-05 exceeds cutoff 1.0e-06
2026-07-20 15:32:52,893 INFO qthermal.run: mol 122 done in 200.2 s
2026-07-20 15:33:31,233 INFO qthermal.run: mol 123 done in 181.7 s
ensemble cap bound at kT_max=0.1: kept 1225 states, tail weight 2.558e-05 exceeds cutoff 1.0e-06
2026-07-20 15:33:52,718 INFO qthermal.run: mol 124 done in 194.1 s
ensemble cap bound at kT_max=0.1: kept 1225 states, tail weight 9.012e-06 exceeds cutoff 1.0e-06
2026-07-20 15:35:09,272 INFO qthermal.run: mol 125 done in 185.2 s
ensemble cap bound at kT_max=0.1: kept 1225 states, tail weight 1.246e-05 exceeds cutoff 1.0e-06
ensemble cap bound at kT_max=0.1: kept 1225 states, tail weight 2.653e-05 exceeds cutoff 1.0e-06
2026-07-20 15:35:49,460 INFO qthermal.run: mol 126 done in 177.8 s
2026-07-20 15:36:34,372 INFO qthermal.run: mol 127 done in 182.1 s
2026-07-20 15:36:58,304 INFO qthermal.run: mol 128 done in 184.4 s
ensemble cap bound at kT_max=0.1: kept 1225 states, tail weight 2.830e-05 exceeds cutoff 1.0e-06
ensemble cap bound at kT_max=0.1: kept 1225 states, tail weight 1.176e-05 exceeds cutoff 1.0e-06
2026-07-20 15:38:17,240 INFO qthermal.run: mol 129 done in 185.8 s
ensemble cap bound at kT_max=0.1: kept 1225 states, tail weight 4.382e-06 exceeds cutoff 1.0e-06
ensemble cap bound at kT_max=0.1: kept 1225 states, tail weight 3.396e-06 exceeds cutoff 1.0e-06
2026-07-20 15:39:00,775 INFO qthermal.run: mol 130 done in 189.0 s
2026-07-20 15:39:36,989 INFO qthermal.run: mol 131 done in 181.2 s
2026-07-20 15:40:00,257 INFO qthermal.run: mol 132 done in 180.6 s
ensemble cap bound at kT_max=0.1: kept 1225 states, tail weight 2.001e-06 exceeds cutoff 1.0e-06
ensemble cap bound at kT_max=0.1: kept 1225 states, tail weight 6.554e-06 exceeds cutoff 1.0e-06
2026-07-20 15:41:22,208 INFO qthermal.run: mol 133 done in 182.1 s
ensemble cap bound at kT_max=0.1: kept 1225 states, tail weight 3.300e-04 exceeds cutoff 1.0e-06
ensemble cap bound at kT_max=0.1: kept 1225 states, tail weight 2.831e-04 exceeds cutoff 1.0e-06
2026-07-20 15:41:58,488 INFO qthermal.run: mol 134 done in 180.6 s
ensemble cap bound at kT_max=0.1: kept 1225 states, tail weight 8.385e-05 exceeds cutoff 1.0e-06
2026-07-20 15:43:27,782 INFO qthermal.run: mol 135 done in 227.7 s
2026-07-20 15:44:03,924 INFO qthermal.run: mol 136 done in 239.1 s
ensemble cap bound at kT_max=0.1: kept 1225 states, tail weight 1.027e-04 exceeds cutoff 1.0e-06
2026-07-20 15:45:07,304 INFO qthermal.run: mol 137 done in 221.8 s
ensemble cap bound at kT_max=0.1: kept 1225 states, tail weight 7.700e-05 exceeds cutoff 1.0e-06
2026-07-20 15:45:46,594 INFO qthermal.run: mol 138 done in 221.9 s
ensemble cap bound at kT_max=0.1: kept 1225 states, tail weight 2.580e-05 exceeds cutoff 1.0e-06
